raiden@raiden:~/DEVOPS-TOOL/Packer/packer_docker_nginx-tutorial$ packer init .

raiden@raiden:~/DEVOPS-TOOL/Packer/packer_docker_nginx-tutorial$ packer validate .
The configuration is valid.


raiden@raiden:~/DEVOPS-TOOL/Packer/packer_docker_nginx-tutorial$ packer build .
packer-learning-docker.docker.nginx: output will be in this color.

==> packer-learning-docker.docker.nginx: Creating a temporary directory for sharing data...
==> packer-learning-docker.docker.nginx: Pulling Docker image: nginx:latest
==> packer-learning-docker.docker.nginx: latest: Pulling from library/nginx
==> packer-learning-docker.docker.nginx: ee3a09d2248a: Pulling fs layer
==> packer-learning-docker.docker.nginx: 5b5fa0b64d74: Pulling fs layer
==> packer-learning-docker.docker.nginx: 9ee60c6c0558: Pulling fs layer
==> packer-learning-docker.docker.nginx: 114e699da838: Pulling fs layer
==> packer-learning-docker.docker.nginx: 5b219a92f92a: Pulling fs layer
==> packer-learning-docker.docker.nginx: 7382b41547b8: Pulling fs layer
==> packer-learning-docker.docker.nginx: adeb5aba46ee: Download complete
==> packer-learning-docker.docker.nginx: 11488ed04caf: Download complete
==> packer-learning-docker.docker.nginx: ee3a09d2248a: Download complete
==> packer-learning-docker.docker.nginx: 7382b41547b8: Download complete
==> packer-learning-docker.docker.nginx: 9ee60c6c0558: Download complete
==> packer-learning-docker.docker.nginx: 114e699da838: Download complete
==> packer-learning-docker.docker.nginx: 5b5fa0b64d74: Download complete
==> packer-learning-docker.docker.nginx: 5b219a92f92a: Download complete
==> packer-learning-docker.docker.nginx: ee3a09d2248a: Pull complete
==> packer-learning-docker.docker.nginx: 7382b41547b8: Pull complete
==> packer-learning-docker.docker.nginx: 9ee60c6c0558: Pull complete
==> packer-learning-docker.docker.nginx: 114e699da838: Pull complete
==> packer-learning-docker.docker.nginx: 5b5fa0b64d74: Pull complete
==> packer-learning-docker.docker.nginx: 5b219a92f92a: Pull complete
==> packer-learning-docker.docker.nginx: Digest: sha256:fb01117203ff38c2f9af91db1a7409459182a37c87cced5cb442d1d8fcc66d19
==> packer-learning-docker.docker.nginx: Status: Downloaded newer image for nginx:latest
==> packer-learning-docker.docker.nginx: docker.io/library/nginx:latest
==> packer-learning-docker.docker.nginx: Starting docker container...
==> packer-learning-docker.docker.nginx: Run command: docker run -v /home/raiden/.config/packer/tmp3576516751:/packer-files -d -i -t --entrypoint=/bin/sh -- nginx:latest
==> packer-learning-docker.docker.nginx: Container ID: 9f8dbc2c54e36f6db3929c64d34d22eabdaaff476ff3582a4999e4cdd4e8755a
==> packer-learning-docker.docker.nginx: Uploading out/index.html => /usr/share/nginx/html/index.html
    packer-learning-docker.docker.nginx: index.html 16.36 KiB / 16.36 KiB [=================================================================================================] 100.00% 0s
==> packer-learning-docker.docker.nginx: Provisioning with shell script: /tmp/packer-shell3140001853
==> packer-learning-docker.docker.nginx: nginx version: nginx/1.29.4
==> packer-learning-docker.docker.nginx: -rw-rw-r-- 1 root root 16751 Dec 24 07:16 /usr/share/nginx/html/index.html
==> packer-learning-docker.docker.nginx: Committing the container
==> packer-learning-docker.docker.nginx: Image ID: sha256:7716778afcfd3939262cca4b2e4ffcaba88a19e8d41c7f612e28990be7b78b7a
==> packer-learning-docker.docker.nginx: Killing the container: 9f8dbc2c54e36f6db3929c64d34d22eabdaaff476ff3582a4999e4cdd4e8755a
==> packer-learning-docker.docker.nginx: Running post-processor:  (type docker-tag)
==> packer-learning-docker.docker.nginx (docker-tag): Deprecation warning: "tag" option has been replaced with "tags". In future versions of Packer, this configuration may not work. Please call `packer fix` on your template to update.
==> packer-learning-docker.docker.nginx (docker-tag): Tagging image: sha256:7716778afcfd3939262cca4b2e4ffcaba88a19e8d41c7f612e28990be7b78b7a
==> packer-learning-docker.docker.nginx (docker-tag): Repository: packer-learning-docker:1766560813
==> packer-learning-docker.docker.nginx: Running post-processor:  (type manifest)
Build 'packer-learning-docker.docker.nginx' finished after 8 seconds 529 milliseconds.

==> Wait completed after 8 seconds 529 milliseconds

==> Builds finished. The artifacts of successful builds are:
--> packer-learning-docker.docker.nginx: Imported Docker image: sha256:7716778afcfd3939262cca4b2e4ffcaba88a19e8d41c7f612e28990be7b78b7a
--> packer-learning-docker.docker.nginx: Imported Docker image: packer-learning-docker:1766560813 with tags packer-learning-docker:1766560813
--> packer-learning-docker.docker.nginx: Imported Docker image: sha256:7716778afcfd3939262cca4b2e4ffcaba88a19e8d41c7f612e28990be7b78b7a


raiden@raiden:~/DEVOPS-TOOL/Packer/packer_docker_nginx-tutorial$ docker images
                                                                                                                                                                          i Info â†’   U  In Use
IMAGE                                                  ID             DISK USAGE   CONTENT SIZE   EXTRA
grafana/grafana:latest                                 35c41e0fd029        971MB          204MB        
grafana/loki:2.9.3                                     eb92f1a43917        101MB         24.6MB        
grafana/promtail:2.9.3                                 b338a29de45e        285MB         75.1MB        
hashicorp/vault:1.15                                   0450896c43b1        535MB          139MB        
mongo:latest                                           7f5bbdafebde       1.26GB          330MB        
nginx:latest                                           fb01117203ff        228MB         62.6MB        
nocodb/nocodb:latest                                   8fd57018accf        877MB          209MB        
packer-learning-docker:1766560813                      7716778afcfd        225MB         59.8MB        
postgres:17                                            f337b026cb1f        645MB          167MB        
postgres:18                                            38d5c9d52203        649MB          168MB        
prom/prometheus:latest                                 49214755b615        507MB          134MB        
quay.io/prometheuscommunity/postgres-exporter:latest   fb96c4413985       37.2MB         11.7MB        
sonarqube:latest                                       4e55d47ba60c        2.3GB         1.01GB        
sonarsource/sonar-scanner-cli:latest                   97c145e4f8fe       1.45GB          436MB        


raiden@raiden:~/DEVOPS-TOOL/Packer/packer_docker_nginx-tutorial$ docker images | grep packer-learning-docker
WARNING: This output is designed for human readability. For machine-readable output, please use --format.
packer-learning-docker:1766560813                      7716778afcfd        225MB         59.8MB        


raiden@raiden:~/DEVOPS-TOOL/Packer/packer_docker_nginx-tutorial$ docker run -p 8080:80 packer-learning-docker:1766560813
/docker-entrypoint.sh: /docker-entrypoint.d/ is not empty, will attempt to perform configuration
/docker-entrypoint.sh: Looking for shell scripts in /docker-entrypoint.d/
/docker-entrypoint.sh: Launching /docker-entrypoint.d/10-listen-on-ipv6-by-default.sh
10-listen-on-ipv6-by-default.sh: info: Getting the checksum of /etc/nginx/conf.d/default.conf
10-listen-on-ipv6-by-default.sh: info: Enabled listen on IPv6 in /etc/nginx/conf.d/default.conf
/docker-entrypoint.sh: Sourcing /docker-entrypoint.d/15-local-resolvers.envsh
/docker-entrypoint.sh: Launching /docker-entrypoint.d/20-envsubst-on-templates.sh
/docker-entrypoint.sh: Launching /docker-entrypoint.d/30-tune-worker-processes.sh
/docker-entrypoint.sh: Configuration complete; ready for start up
2025/12/24 07:22:26 [notice] 1#1: using the "epoll" event method
2025/12/24 07:22:26 [notice] 1#1: nginx/1.29.4
2025/12/24 07:22:26 [notice] 1#1: built by gcc 14.2.0 (Debian 14.2.0-19) 
2025/12/24 07:22:26 [notice] 1#1: OS: Linux 6.14.0-37-generic
2025/12/24 07:22:26 [notice] 1#1: getrlimit(RLIMIT_NOFILE): 1024:524288
2025/12/24 07:22:26 [notice] 1#1: start worker processes
2025/12/24 07:22:26 [notice] 1#1: start worker process 29
2025/12/24 07:22:26 [notice] 1#1: start worker process 30
2025/12/24 07:22:26 [notice] 1#1: start worker process 31
2025/12/24 07:22:26 [notice] 1#1: start worker process 32
2025/12/24 07:22:26 [notice] 1#1: start worker process 33
2025/12/24 07:22:26 [notice] 1#1: start worker process 34
2025/12/24 07:22:26 [notice] 1#1: start worker process 35
2025/12/24 07:22:26 [notice] 1#1: start worker process 36
172.17.0.1 - - [24/Dec/2025:07:22:37 +0000] "GET / HTTP/1.1" 200 16751 "-" "Mozilla/5.0 (X11; Linux x86_64) AppleWebKit/537.36 (KHTML, like Gecko) Chrome/143.0.0.0 Safari/537.36" "-"
2025/12/24 07:22:38 [error] 29#29: *1 open() "/usr/share/nginx/html/favicon.ico" failed (2: No such file or directory), client: 172.17.0.1, server: localhost, request: "GET /favicon.ico HTTP/1.1", host: "localhost:8080", referrer: "http://localhost:8080/"
172.17.0.1 - - [24/Dec/2025:07:22:38 +0000] "GET /favicon.ico HTTP/1.1" 404 555 "http://localhost:8080/" "Mozilla/5.0 (X11; Linux x86_64) AppleWebKit/537.36 (KHTML, like Gecko) Chrome/143.0.0.0 Safari/537.36" "-"


